
> archui@0.1.0 build D:\Programming\React\Project\ZenLab
> turbo build "--filter=@archui/react"

node.exe : ΓÇó turbo 2.8.1
At C:\Users\Rohit\AppData\Roaming\npm\pnpm.ps1:24 char:5
+     & "node$exe"  "$basedir/node_modules/pnpm/bin/pnpm.cjs" $args
+     ~~~~~~~~~~~~~~~~~~~~~~~~~~~~~~~~~~~~~~~~~~~~~~~~~~~~~~~~~~~~~
    + CategoryInfo          : NotSpecified: (ΓÇó turbo 2.8.1:String) [], RemoteException
    + FullyQualifiedErrorId : NativeCommandError
 
ΓÇó Packages in scope: @archui/react
ΓÇó Running build in 1 packages
ΓÇó Remote caching disabled
@archui/core:build: cache hit, replaying logs 1bc6828e6622c8a8
@archui/core:build: 
@archui/core:build: > @archui/core@0.1.0 build D:\Programming\React\Project\ZenLab\packages\core
@archui/core:build: > tsup && node -e "const fs=require('node:fs');fs.mkdirSync('dist/styles',{recursive:true});fs.copyFileSync('src/styles/glass-tokens.css','dist/styles/glass-tokens.css');fs.copyFileSync('src/styles/glass-tokens.css','dist/styles/index.css');fs.copyFileSync('src/backgrounds/bg-tokens.css','dist/styles/bg-tokens.css');"
@archui/core:build: 
@archui/core:build: [34mCLI[39m Building entry: src/index.ts
@archui/core:build: [34mCLI[39m Using tsconfig: tsconfig.json
@archui/core:build: [34mCLI[39m tsup v8.5.1
@archui/core:build: [34mCLI[39m Using tsup config: D:\Programming\React\Project\ZenLab\packages\core\tsup.config.ts
@archui/core:build: [34mCLI[39m Target: es2020
@archui/core:build: [34mCLI[39m Cleaning output folder
@archui/core:build: [34mCJS[39m Build start
@archui/core:build: [34mESM[39m Build start
@archui/core:build: [32mCJS[39m [1mdist\index.js     [22m[32m19.04 KB[39m
@archui/core:build: [32mCJS[39m [1mdist\index.js.map [22m[32m38.37 KB[39m
@archui/core:build: [32mCJS[39m ΓÜí∩╕Å Build success in 144ms
@archui/core:build: [32mESM[39m [1mdist\index.mjs     [22m[32m18.48 KB[39m
@archui/core:build: [32mESM[39m [1mdist\index.mjs.map [22m[32m38.34 KB[39m
@archui/core:build: [32mESM[39m ΓÜí∩╕Å Build success in 144ms
@archui/core:build: [34mDTS[39m Build start
@archui/core:build: [32mDTS[39m ΓÜí∩╕Å Build success in 1305ms
@archui/core:build: [32mDTS[39m [1mdist\index.d.ts  [22m[32m24.05 KB[39m
@archui/core:build: [32mDTS[39m [1mdist\index.d.mts [22m[32m24.05 KB[39m
@archui/react:build: cache miss, executing 4ded0cf123e14ed5
@archui/react:build: 
@archui/react:build: > @archui/react@0.1.0 build D:\Programming\React\Project\ZenLab\packages\react
@archui/react:build: > tsup
@archui/react:build: 
@archui/react:build: [34mCLI[39m Building entry: {"index":"src/index.ts","glassmorphic":"src/components/glassmorphic/index.ts"}
@archui/react:build: [34mCLI[39m Using tsconfig: tsconfig.json
@archui/react:build: [34mCLI[39m tsup v8.5.1
@archui/react:build: [34mCLI[39m Using tsup config: D:\Programming\React\Project\ZenLab\packages\react\tsup.config.ts
@archui/react:build: [34mCLI[39m Target: es2020
@archui/react:build: [34mCLI[39m Cleaning output folder
@archui/react:build: [34mCJS[39m Build start
@archui/react:build: [34mESM[39m Build start
@archui/react:build: dist/index.mjs (1:0): Module level directives cause errors when bundled, "use client" in "dist/index.mjs" was ignored.
@archui/react:build: dist/glassmorphic.mjs (1:0): Module level directives cause errors when bundled, "use client" in "dist/glassmorphic.mjs" was ignored.
@archui/react:build: dist/index.js (1:0): Module level directives cause errors when bundled, "use client" in "dist/index.js" was ignored.
@archui/react:build: dist/glassmorphic.js (1:0): Module level directives cause errors when bundled, "use client" in "dist/glassmorphic.js" was ignored.
@archui/react:build: [34mDTS[39m Build start
@archui/react:build: [32mESM[39m [1mdist\index.mjs            [22m[32m306.24 KB[39m
@archui/react:build: [32mESM[39m [1mdist\glassmorphic.mjs     [22m[32m241.46 KB[39m
@archui/react:build: [32mESM[39m [1mdist\index.mjs.map        [22m[32m660.28 KB[39m
@archui/react:build: [32mESM[39m [1mdist\glassmorphic.mjs.map [22m[32m517.46 KB[39m
@archui/react:build: [32mESM[39m ΓÜí∩╕Å Build success in 1247ms
@archui/react:build: [32mCJS[39m [1mdist\glassmorphic.js     [22m[32m254.98 KB[39m
@archui/react:build: [32mCJS[39m [1mdist\index.js            [22m[32m322.68 KB[39m
@archui/react:build: [32mCJS[39m [1mdist\glassmorphic.js.map [22m[32m517.85 KB[39m
@archui/react:build: [32mCJS[39m [1mdist\index.js.map        [22m[32m660.79 KB[39m
@archui/react:build: [32mCJS[39m ΓÜí∩╕Å Build success in 1248ms
@archui/react:build: src/index.ts(6,1): error TS2308: Module './components/glassmorphic' has already exported a member named 'GlassCheckbox'. Consider explicitly re-exporting to resolve the ambiguity.
@archui/react:build: src/index.ts(6,1): error TS2308: Module './components/glassmorphic' has already exported a member named 'GlassCheckboxProps'. Consider explicitly re-exporting to resolve the ambiguity.
@archui/react:build: 
@archui/react:build: [31mError: error occurred in dts build
@archui/react:build:     at Worker.<anonymous> (D:\Programming\React\Project\ZenLab\node_modules\.pnpm\tsup@8.5.1_postcss@8.5.6_typescript@5.9.3\node_modules\tsup\dist\index.js:1545:26)
@archui/react:build:     at Worker.emit (node:events:507:28)
@archui/react:build:     at MessagePort.<anonymous> (node:internal/worker:268:53)
@archui/react:build:     at [nodejs.internal.kHybridDispatch] (node:internal/event_target:827:20)
@archui/react:build:     at MessagePort.<anonymous> (node:internal/per_context/messageport:23:28)[39m
@archui/react:build: [31mDTS[39m [31mBuild error[39m
@archui/react:build: ΓÇëELIFECYCLEΓÇë Command failed with exit code 1.
@archui/react:build: ERROR: command finished with error: command (D:\Programming\React\Project\ZenLab\packages\react) 
C:\Users\Rohit\AppData\Local\pnpm\.tools\pnpm\8.14.0\bin\pnpm.CMD run build exited (1)
@archui/react#build: command (D:\Programming\React\Project\ZenLab\packages\react) C:\Users\Rohit\AppData\Local\pnpm\.tools\pnpm\8.14.0\bin\pnpm.CMD run build exited (1)

 Tasks:    1 successful, 2 total
Cached:    1 cached, 2 total
  Time:    6.676s 
Failed:    @archui/react#build

 ERROR  run failed: command  exited (1)
ΓÇëELIFECYCLEΓÇë Command failed with exit code 1.
